2026-08-28T14:47:35.705Z [GATE_FILE] runtime: scripts\runtime-gate.mjs
2026-08-28T14:47:35.706Z [GATE_FILE] sitemap: scripts\sitemap-gate.mjs
2026-08-28T14:47:35.707Z [GATE_FILE] releasePreflight: scripts\release-preflight.mjs
2026-08-28T14:47:35.707Z [GATE_FILE] routeConflict: scripts\route-conflict-check.mjs
2026-08-28T14:47:35.708Z [GATE_FILE] core: scripts\v714-core-gate.mjs
2026-08-28T14:47:35.709Z [RUNTIME_GATE] $ node "E:\nexmold\scripts\runtime-gate.mjs"
2026-08-28T14:47:35.923Z [SITEMAP_GATE] $ node "E:\nexmold\scripts\sitemap-gate.mjs"
2026-08-28T14:47:36.075Z [RELEASE_PREFLIGHT] $ node "E:\nexmold\scripts\release-preflight.mjs"
2026-08-28T14:47:36.240Z [ROUTE_CONFLICT_GATE] $ node "E:\nexmold\scripts\route-conflict-check.mjs"
[V7.14 Route Gate][WARN] STATIC_SHADOWS_DYNAMIC:/about:/[lang]
------------------------------------------------------------
{
  "gate": "route-conflict",
  "policy": "V7.14.1",
  "passed": true,
  "filesScanned": 32,
  "staticRoutes": 28,
  "dynamicRoutes": 4,
  "conflicts": 0,
  "shadowedRoutes": 11,
  "warnings": 11,
  "hardConflicts": 0,
  "routeOwners": [
    {
      "route": "/",
      "rel": "index.astro",
      "dynamic": false,
      "dynamicKind": null
    },
    {
      "route": "/[lang]",
      "rel": "[lang]/index.astro",
      "dynamic": true,
      "dynamicKind": "dynamic"
    },
    {
      "route": "/about",
      "rel": "about.astro",
      "dynamic": false,
      "dynamicKind": null
    },
    {
      "route": "/capabilities",
      "rel": "capabilities/index.astro",
      "dynamic": false,
      "dynamicKind": null
    },
    {
      "route": "/capabilities/rapid-tooling-s136",
      "rel": "capabilities/rapid-tooling-s136.astro",
      "dynamic": false,
      "dynamicKind": null
    },
    {
      "route": "/components/LeadModal",
      "rel": "components/LeadModal.astro",
      "dynamic": false,
      "dynamicKind": null
    },
    {
      "route": "/components/microfluidic-cartridges",
      "rel": "components/microfluidic-cartridges.astro",
      "dynamic": false,
      "dynamicKind": null
    },
    {
      "route": "/components/precision-gears",
      "rel": "components/precision-gears.astro",
      "dynamic": false,
      "dynamicKind": null
    },
    {
      "route": "/free-dfm-analysis",
      "rel": "free-dfm-analysis/index.astro",
      "dynamic": false,
      "dynamicKind": null
    },
    {
      "route": "/industries",
      "rel": "industries/index.astro",
      "dynamic": false,
      "dynamicKind": null
    },
    {
      "route": "/knowledge-hub",
      "rel": "knowledge-hub/index.astro",
      "dynamic": false,
      "dynamicKind": null
    },
    {
      "route": "/knowledge-hub/[category]",
      "rel": "knowledge-hub/[category]/index.astro",
      "dynamic": true,
      "dynamicKind": "dynamic"
    },
    {
      "route": "/knowledge-hub/[category]/[slug]",
      "rel": "knowledge-hub/[category]/[slug].astro",
      "dynamic": true,
      "dynamicKind": "dynamic"
    },
    {
      "route": "/materials",
      "rel": "materials/index.astro",
      "dynamic": false,
      "dynamicKind": null
    },
    {
      "route": "/products",
      "rel": "products/index.astro",
      "dynamic": false,
      "dynamicKind": null
    },
    {
      "route": "/quality",
      "rel": "quality.astro",
      "dynamic": false,
      "dynamicKind": null
    },
    {
      "route": "/quality/zeiss-cmm-inspection",
      "rel": "quality/zeiss-cmm-inspection.astro",
      "dynamic": false,
      "dynamicKind": null
    },
    {
      "route": "/resources",
      "rel": "resources/index.astro",
      "dynamic": false,
      "dynamicKind": null
    },
    {
      "route": "/resources/calculators/clamping-force-calculator",
      "rel": "resources/calculators/clamping-force-calculator.astro",
      "dynamic": false,
      "dynamicKind": null
    },
    {
      "route": "/resources/calculators/cost-guide",
      "rel": "resources/calculators/cost-guide.astro",
      "dynamic": false,
      "dynamicKind": null
    },
    {
      "route": "/resources/calculators/draft-angle-calculator",
      "rel": "resources/calculators/draft-angle-calculator.astro",
      "dynamic": false,
      "dynamicKind": null
    },
    {
      "route": "/resources/calculators/faq",
      "rel": "resources/calculators/faq.astro",
      "dynamic": false,
      "dynamicKind": null
    },
    {
      "route": "/resources/calculators/injection-mold-cost-estimator",
      "rel": "resources/calculators/injection-mold-cost-estimator.astro",
      "dynamic": false,
      "dynamicKind": null
    },
    {
      "route": "/resources/calculators/instant-dfm-checker",
      "rel": "resources/calculators/instant-dfm-checker.astro",
      "dynamic": false,
      "dynamicKind": null
    },
    {
      "route": "/resources/calculators/shrinkage-calculator",
      "rel": "resources/calculators/shrinkage-calculator.astro",
      "dynamic": false,
      "dynamicKind": null
    },
    {
      "route": "/resources/design-guides/defect-troubleshooting",
      "rel": "resources/design-guides/defect-troubleshooting.astro",
      "dynamic": false,
      "dynamicKind": null
    },
    {
      "route": "/resources/design-guides/surface-finish",
      "rel": "resources/design-guides/surface-finish.astro",
      "dynamic": false,
      "dynamicKind": null
    },
    {
      "route": "/resources/design-guides/wall-thickness",
      "rel": "resources/design-guides/wall-thickness.astro",
      "dynamic": false,
      "dynamicKind": null
    },
    {
      "route": "/resources/faq",
      "rel": "resources/faq.astro",
      "dynamic": false,
      "dynamicKind": null
    },
    {
      "route": "/services",
      "rel": "services/index.astro",
      "dynamic": false,
      "dynamicKind": null
    },
    {
      "route": "/services/[slug]",
      "rel": "services/[slug].astro",
      "dynamic": true,
      "dynamicKind": "dynamic"
    },
    {
      "route": "/services/custom-injection-molding",
      "rel": "services/custom-injection-molding.astro",
      "dynamic": false,
      "dynamicKind": null
    }
  ]
}
[V7.14 Route Gate][WARN] STATIC_SHADOWS_DYNAMIC:/capabilities:/[lang]
[V7.14 Route Gate][WARN] STATIC_SHADOWS_DYNAMIC:/free-dfm-analysis:/[lang]
[V7.14 Route Gate][WARN] STATIC_SHADOWS_DYNAMIC:/industries:/[lang]
[V7.14 Route Gate][WARN] STATIC_SHADOWS_DYNAMIC:/knowledge-hub:/[lang]
[V7.14 Route Gate][WARN] STATIC_SHADOWS_DYNAMIC:/materials:/[lang]
[V7.14 Route Gate][WARN] STATIC_SHADOWS_DYNAMIC:/products:/[lang]
[V7.14 Route Gate][WARN] STATIC_SHADOWS_DYNAMIC:/quality:/[lang]
[V7.14 Route Gate][WARN] STATIC_SHADOWS_DYNAMIC:/resources:/[lang]
[V7.14 Route Gate][WARN] STATIC_SHADOWS_DYNAMIC:/services:/[lang]
[V7.14 Route Gate][WARN] STATIC_SHADOWS_DYNAMIC:/services/custom-injection-molding:/services/[slug]
2026-08-28T14:47:36.541Z [V714_CORE_GATE] $ node "E:\nexmold\scripts\v714-core-gate.mjs"
[NEXMOLD][V7.14][CORE] Evidence -> Claim -> Firewall -> Publication Gate
[NEXMOLD][V7.14][CORE] Evidence contract: PRESENT
[NEXMOLD][V7.14][CORE] Eligibility contract: PRESENT
[NEXMOLD][V7.14][CORE] Epistemic Firewall: PRESENT
[NEXMOLD][V7.14][CORE] Publication Gate: PRESENT
[NEXMOLD][V7.14][CORE] Evidence contract: PASS
[NEXMOLD][V7.14][CORE] Claim boundary: CLOSED
[NEXMOLD][V7.14][CORE] Epistemic Firewall: PRESENT
[NEXMOLD][V7.14][CORE] Publication Gate: PRESENT
[NEXMOLD][V7.14][CORE] Public Artifact = 0
[NEXMOLD][V7.14][CORE] PASS
{
  "orchestrator": "V7.14-CORE",
  "phase": "core-pass",
  "passed": true,
  "reason": "V714_PUBLIC_BOUNDARY_CLOSED",
  "contracts": [
    {
      "name": "Evidence contract",
      "passed": true,
      "path": "src/regional/types.ts"
    },
    {
      "name": "Eligibility contract",
      "passed": true,
      "path": "src/regional/eligibility.ts"
    },
    {
      "name": "Epistemic Firewall",
      "passed": true,
      "path": "src/regional/epistemic-firewall.ts"
    },
    {
      "name": "Publication Gate",
      "passed": true,
      "path": "src/regional/publication-gate.ts"
    }
  ],
  "publicArtifacts": {
    "passed": true,
    "count": 0,
    "artifacts": []
  }
}
2026-08-28T14:47:36.701Z [TYPECHECK] $ npx tsc --noEmit
src/content.config.ts(1,37): error TS2307: Cannot find module 'astro:content' or its corresponding type declarations.
src/regional/eligibility.ts(256,5): error TS2322: Type '{ pageId: PageId; locale: Locale; region: Region; applicability: "APPLICABLE"; compliance: "VERIFIED"; evidence: RegionalEvidenceSnapshot; status: "ELIGIBLE"; reasonCodes: never[]; }' is not assignable to type 'RegionalEligibilityDecision'.
  Types of property 'evidence' are incompatible.
    Type 'RegionalEvidenceSnapshot' is not assignable to type 'RegionalEvidenceSnapshot & { readonly completeness: "COMPLETE"; }'.
      Type 'RegionalEvidenceSnapshot' is not assignable to type '{ readonly completeness: "COMPLETE"; }'.
        Types of property 'completeness' are incompatible.
          Type 'EvidenceCompleteness' is not assignable to type '"COMPLETE"'.
            Type '"UNKNOWN"' is not assignable to type '"COMPLETE"'.
src/regional/eligibility.ts(270,3): error TS2322: Type '{ pageId: PageId; locale: Locale; region: Region; applicability: RegionalApplicability; compliance: ComplianceClaim; evidence: RegionalEvidenceSnapshot; status: "NOT_APPLICABLE" | ... 1 more ... | "BLOCKED"; reasonCodes: readonly string[]; }' is not assignable to type 'RegionalEligibilityDecision'.
  Type '{ pageId: PageId; locale: Locale; region: Region; applicability: RegionalApplicability; compliance: ComplianceClaim; evidence: RegionalEvidenceSnapshot; status: "NOT_APPLICABLE" | ... 1 more ... | "BLOCKED"; reasonCodes: readonly string[]; }' is not assignable to type 'BlockedRegionalDecision | NotApplicableRegionalDecision | ReviewRequiredRegionalDecision'.
    Type '{ pageId: PageId; locale: Locale; region: Region; applicability: RegionalApplicability; compliance: ComplianceClaim; evidence: RegionalEvidenceSnapshot; status: "NOT_APPLICABLE" | ... 1 more ... | "BLOCKED"; reasonCodes: readonly string[]; }' is not assignable to type 'ReviewRequiredRegionalDecision'.
      Types of property 'status' are incompatible.
        Type '"NOT_APPLICABLE" | "REQUIRES_REVIEW" | "BLOCKED"' is not assignable to type '"REQUIRES_REVIEW"'.
          Type '"NOT_APPLICABLE"' is not assignable to type '"REQUIRES_REVIEW"'.
src/regional/regionalPublishArtifact.ts(62,20): error TS2352: Conversion of type '{ pageId: PageId; locale: Locale; region: Region; canonicalUrl: CanonicalUrl; hreflangSet: Locale[]; seoEligibility: EligibleRegionalDecision; pageContentHash: ContentHash; }' to type 'RegionalPublishArtifact' may be a mistake because neither type sufficiently overlaps with the other. If this was intentional, convert the expression to 'unknown' first.
  Property '[regionalPublishArtifactBrand]' is missing in type '{ pageId: PageId; locale: Locale; region: Region; canonicalUrl: CanonicalUrl; hreflangSet: Locale[]; seoEligibility: EligibleRegionalDecision; pageContentHash: ContentHash; }' but required in type 'RegionalPublishArtifact'.
